
==================================================
[시작] 2026-04-07 13:24
==================================================
[중복 스킵] 이미 브리핑된 기사 3건 제외
[수집 완료] 한국관련 5건 / 일본뉴스 17건
[Gemini] 브리핑 생성 완료: 4월 8일 일본 뉴스 브리핑: 트럼프의 대일 불만 표출과 젠쇼홀딩스 창업주 별세
[게시 완료] 4월 8일 일본 뉴스 브리핑: 트럼프의 대일 불만 표출과 젠쇼홀딩스 창업주 별세 → https://tokyocameraan.blogspot.com/2026/04/4-8.html
[텔레그램] 알림 전송 완료
[완료] 브리핑 게시 성공
